\BOOKMARK [0][-]{chapter*.1}{\376\377\000D\000e\000d\000i\000c\000a\000t\000i\000o\000n}{}% 1
\BOOKMARK [0][-]{chapter*.2}{\376\377\000A\000c\000k\000n\000o\000w\000l\000e\000d\000g\000m\000e\000n\000t\000s}{}% 2
\BOOKMARK [0][-]{section*.4}{\376\377\000R\000\351\000s\000u\000m\000\351}{}% 3
\BOOKMARK [0][-]{section*.6}{\376\377\000A\000b\000s\000t\000r\000a\000c\000t}{}% 4
\BOOKMARK [0][-]{section*.8}{\376\377\000A\000r\000a\000b\000i\000c\000\040\000A\000b\000s\000t\000r\000a\000c\000t}{}% 5
\BOOKMARK [0][-]{section*.10}{\376\377\000L\000i\000s\000t\000\040\000o\000f\000\040\000F\000i\000g\000u\000r\000e\000s}{}% 6
\BOOKMARK [0][-]{section*.12}{\376\377\000L\000i\000s\000t\000\040\000o\000f\000\040\000T\000a\000b\000l\000e\000s}{}% 7
\BOOKMARK [0][-]{section*.14}{\376\377\000L\000i\000s\000t\000\040\000o\000f\000\040\000L\000i\000s\000t\000i\000n\000g\000s}{}% 8
\BOOKMARK [0][-]{section*.17}{\376\377\000G\000e\000n\000e\000r\000a\000l\000\040\000I\000n\000t\000r\000o\000d\000u\000c\000t\000i\000o\000n}{}% 9
\BOOKMARK [0][-]{chapter.1}{\376\377\000P\000r\000o\000j\000e\000c\000t\000\040\000C\000o\000n\000t\000e\000x\000t\000\040\000a\000n\000d\000\040\000R\000e\000q\000u\000i\000r\000e\000m\000e\000n\000t\000s}{}% 10
\BOOKMARK [1][-]{section.1.1}{\376\377\000H\000o\000s\000t\000\040\000c\000o\000m\000p\000a\000n\000y}{chapter.1}% 11
\BOOKMARK [2][-]{subsection.1.1.1}{\376\377\000P\000r\000e\000s\000e\000n\000t\000a\000t\000i\000o\000n}{section.1.1}% 12
\BOOKMARK [2][-]{subsection.1.1.2}{\376\377\000S\000T\000M\000i\000c\000r\000o\000e\000l\000e\000c\000t\000r\000o\000n\000i\000c\000s\000\040\000v\000i\000s\000i\000o\000n\000\040\000a\000n\000d\000\040\000m\000a\000r\000k\000e\000t\000s}{section.1.1}% 13
\BOOKMARK [2][-]{subsection.1.1.3}{\376\377\000S\000T\000M\000i\000c\000r\000o\000e\000l\000e\000c\000t\000r\000o\000n\000i\000c\000s\000\040\000T\000u\000n\000i\000s}{section.1.1}% 14
\BOOKMARK [1][-]{section.1.2}{\376\377\000P\000r\000o\000j\000e\000c\000t\000\040\000p\000r\000e\000s\000e\000n\000t\000a\000t\000i\000o\000n}{chapter.1}% 15
\BOOKMARK [2][-]{subsection.1.2.1}{\376\377\000P\000r\000o\000j\000e\000c\000t\000\040\000f\000r\000a\000m\000e\000w\000o\000r\000k}{section.1.2}% 16
\BOOKMARK [2][-]{subsection.1.2.2}{\376\377\000P\000r\000o\000j\000e\000c\000t\000\040\000c\000o\000n\000t\000e\000x\000t}{section.1.2}% 17
\BOOKMARK [2][-]{subsection.1.2.3}{\376\377\000P\000r\000o\000b\000l\000e\000m\000a\000t\000i\000c}{section.1.2}% 18
\BOOKMARK [2][-]{subsection.1.2.4}{\376\377\000P\000r\000o\000p\000o\000s\000e\000d\000\040\000s\000o\000l\000u\000t\000i\000o\000n}{section.1.2}% 19
\BOOKMARK [2][-]{subsection.1.2.5}{\376\377\000M\000i\000s\000s\000i\000o\000n\000\040\000a\000n\000d\000\040\000o\000b\000j\000e\000c\000t\000i\000v\000e\000s}{section.1.2}% 20
\BOOKMARK [1][-]{section.1.3}{\376\377\000T\000h\000e\000o\000r\000e\000t\000i\000c\000a\000l\000\040\000f\000o\000u\000n\000d\000a\000t\000i\000o\000n\000s}{chapter.1}% 21
\BOOKMARK [2][-]{subsection.1.3.1}{\376\377\000S\000T\000M\0003\0002\000\040\000m\000i\000c\000r\000o\000c\000o\000n\000t\000r\000o\000l\000l\000e\000r\000s}{section.1.3}% 22
\BOOKMARK [3][-]{subsubsection.1.3.1.1}{\376\377\000O\000v\000e\000r\000v\000i\000e\000w}{subsection.1.3.1}% 23
\BOOKMARK [3][-]{subsubsection.1.3.1.2}{\376\377\000T\000h\000e\000\040\000S\000T\000M\0003\0002\000\040\000f\000a\000m\000i\000l\000y}{subsection.1.3.1}% 24
\BOOKMARK [3][-]{subsubsection.1.3.1.3}{\376\377\000T\000h\000e\000\040\000S\000T\000M\0003\0002\000C\000u\000b\000e\000\040\000e\000c\000o\000s\000y\000s\000t\000e\000m}{subsection.1.3.1}% 25
\BOOKMARK [2][-]{subsection.1.3.2}{\376\377\000F\000i\000r\000m\000w\000a\000r\000e\000\040\000m\000e\000m\000o\000r\000y\000\040\000f\000o\000o\000t\000p\000r\000i\000n\000t}{section.1.3}% 26
\BOOKMARK [2][-]{subsection.1.3.3}{\376\377\000L\000i\000n\000k\000e\000r\000\040\000m\000a\000p\000s}{section.1.3}% 27
\BOOKMARK [1][-]{section.1.4}{\376\377\000W\000o\000r\000k\000\040\000m\000e\000t\000h\000o\000d\000o\000l\000o\000g\000y}{chapter.1}% 28
\BOOKMARK [0][-]{chapter.2}{\376\377\000S\000T\000M\0003\0002\000\040\000B\000o\000a\000r\000d\000\040\000E\000q\000u\000i\000v\000a\000l\000e\000n\000c\000e\000\040\000S\000e\000a\000r\000c\000h}{}% 29
\BOOKMARK [1][-]{section.2.1}{\376\377\000M\000e\000a\000n\000i\000n\000g\000\040\000o\000f\000\040\000b\000o\000a\000r\000d\000\040\000p\000r\000o\000x\000i\000m\000i\000t\000y}{chapter.2}% 30
\BOOKMARK [1][-]{section.2.2}{\376\377\000C\000a\000n\000d\000i\000d\000a\000t\000e\000\040\000m\000a\000p\000p\000i\000n\000g\000s}{chapter.2}% 31
\BOOKMARK [1][-]{section.2.3}{\376\377\000I\000n\000t\000e\000r\000p\000r\000e\000t\000a\000t\000i\000o\000n\000\040\000a\000n\000d\000\040\000l\000i\000m\000i\000t\000a\000t\000i\000o\000n\000s}{chapter.2}% 32
\BOOKMARK [1][-]{section.2.4}{\376\377\000A\000s\000s\000i\000g\000n\000m\000e\000n\000t\000\040\000o\000u\000t\000c\000o\000m\000e}{chapter.2}% 33
\BOOKMARK [0][-]{chapter.3}{\376\377\000P\000i\000l\000o\000t\000\040\000U\000S\000B\000\040\000M\000i\000d\000d\000l\000e\000w\000a\000r\000e\000\040\000O\000p\000t\000i\000m\000i\000s\000a\000t\000i\000o\000n\000\040\000a\000n\000d\000\040\000B\000e\000n\000c\000h\000m\000a\000r\000k\000i\000n\000g}{}% 34
\BOOKMARK [1][-]{section.3.1}{\376\377\000E\000v\000i\000d\000e\000n\000c\000e\000\040\000b\000a\000s\000e\000\040\000a\000n\000d\000\040\000v\000a\000l\000i\000d\000a\000t\000i\000o\000n\000\040\000r\000u\000l\000e\000s}{chapter.3}% 35
\BOOKMARK [1][-]{section.3.2}{\376\377\000S\000T\000M\0003\0002\000\040\000b\000a\000s\000e\000l\000i\000n\000e\000-\000t\000o\000-\000o\000p\000t\000i\000m\000i\000s\000e\000d\000\040\000r\000e\000s\000u\000l\000t\000s}{chapter.3}% 36
\BOOKMARK [1][-]{section.3.3}{\376\377\000O\000p\000t\000i\000m\000i\000s\000e\000d\000\040\000S\000T\000M\0003\0002\000\040\000v\000e\000r\000s\000u\000s\000\040\000R\000e\000n\000e\000s\000a\000s\000\040\000R\000A\0006\000M\0005}{chapter.3}% 37
\BOOKMARK [1][-]{section.3.4}{\376\377\000S\000T\000M\0003\0002\000U\0005\0007\0005\000\040\000v\000e\000r\000s\000u\000s\000\040\000N\000X\000P\000\040\000M\000C\000X\000-\000N\0009}{chapter.3}% 38
\BOOKMARK [2][-]{subsection.3.4.1}{\376\377\000I\000n\000i\000t\000i\000a\000l\000i\000s\000a\000t\000i\000o\000n\000\040\000m\000e\000a\000s\000u\000r\000e\000m\000e\000n\000t\000s}{section.3.4}% 39
\BOOKMARK [2][-]{subsection.3.4.2}{\376\377\000R\000e\000s\000o\000l\000u\000t\000i\000o\000n\000\040\000o\000f\000\040\000w\000o\000r\000k\000b\000o\000o\000k\000\040\000c\000o\000n\000f\000l\000i\000c\000t\000s}{section.3.4}% 40
\BOOKMARK [1][-]{section.3.5}{\376\377\000P\000i\000l\000o\000t\000\040\000s\000y\000n\000t\000h\000e\000s\000i\000s\000\040\000a\000n\000d\000\040\000t\000o\000o\000l\000\040\000m\000o\000t\000i\000v\000a\000t\000i\000o\000n}{chapter.3}% 41
\BOOKMARK [0][-]{chapter.4}{\376\377\000A\000\040\000C\000r\000o\000s\000s\000-\000V\000e\000n\000d\000o\000r\000\040\000F\000i\000r\000m\000w\000a\000r\000e\000\040\000F\000o\000o\000t\000p\000r\000i\000n\000t\000\040\000A\000n\000a\000l\000y\000s\000i\000s\000\040\000T\000o\000o\000l}{}% 42
\BOOKMARK [1][-]{section.4.1}{\376\377\000T\000h\000e\000\040\000c\000r\000o\000s\000s\000-\000v\000e\000n\000d\000o\000r\000\040\000f\000o\000o\000t\000p\000r\000i\000n\000t\000\040\000p\000r\000o\000b\000l\000e\000m}{chapter.4}% 43
\BOOKMARK [1][-]{section.4.2}{\376\377\000D\000e\000s\000i\000g\000n\000\040\000a\000n\000d\000\040\000a\000r\000c\000h\000i\000t\000e\000c\000t\000u\000r\000e}{chapter.4}% 44
\BOOKMARK [1][-]{section.4.3}{\376\377\000T\000h\000e\000\040\000b\000e\000n\000c\000h\000m\000a\000r\000k\000i\000n\000g\000\040\000p\000i\000p\000e\000l\000i\000n\000e}{chapter.4}% 45
\BOOKMARK [1][-]{section.4.4}{\376\377\000I\000m\000p\000l\000e\000m\000e\000n\000t\000a\000t\000i\000o\000n}{chapter.4}% 46
\BOOKMARK [2][-]{subsection.4.4.1}{\376\377\000P\000a\000r\000s\000i\000n\000g\000\040\000l\000i\000n\000k\000e\000r\000\040\000m\000a\000p\000s\000\040\000a\000n\000d\000\040\000c\000l\000a\000s\000s\000i\000f\000y\000i\000n\000g\000\040\000l\000a\000y\000e\000r\000s}{section.4.4}% 47
\BOOKMARK [2][-]{subsection.4.4.2}{\376\377\000T\000h\000e\000\040\000m\000u\000l\000t\000i\000-\000s\000i\000g\000n\000a\000l\000\040\000m\000a\000p\000p\000i\000n\000g\000\040\000e\000n\000g\000i\000n\000e}{section.4.4}% 48
\BOOKMARK [2][-]{subsection.4.4.3}{\376\377\000O\000p\000t\000i\000o\000n\000a\000l\000\040\000A\000I\000\040\000a\000s\000s\000i\000s\000t\000a\000n\000c\000e}{section.4.4}% 49
\BOOKMARK [2][-]{subsection.4.4.4}{\376\377\000P\000e\000r\000s\000i\000s\000t\000e\000n\000c\000e\000\040\000a\000n\000d\000\040\000l\000e\000a\000r\000n\000i\000n\000g}{section.4.4}% 50
\BOOKMARK [2][-]{subsection.4.4.5}{\376\377\000C\000r\000o\000s\000s\000-\000v\000e\000n\000d\000o\000r\000\040\000e\000q\000u\000i\000v\000a\000l\000e\000n\000c\000e\000\040\000d\000a\000t\000a\000b\000a\000s\000e}{section.4.4}% 51
\BOOKMARK [2][-]{subsection.4.4.6}{\376\377\000S\000o\000u\000r\000c\000e\000-\000c\000o\000d\000e\000\040\000s\000i\000g\000n\000a\000l\000\040\000p\000r\000o\000v\000i\000d\000e\000r}{section.4.4}% 52
\BOOKMARK [2][-]{subsection.4.4.7}{\376\377\000F\000i\000r\000m\000w\000a\000r\000e\000\040\000q\000u\000a\000l\000i\000t\000y\000\040\000m\000e\000t\000r\000i\000c\000s\000\040\000a\000n\000d\000\040\000g\000r\000a\000d\000i\000n\000g}{section.4.4}% 53
\BOOKMARK [2][-]{subsection.4.4.8}{\376\377\000R\000u\000n\000\040\000m\000a\000n\000i\000f\000e\000s\000t\000\040\000a\000n\000d\000\040\000r\000e\000p\000r\000o\000d\000u\000c\000i\000b\000i\000l\000i\000t\000y}{section.4.4}% 54
\BOOKMARK [1][-]{section.4.5}{\376\377\000I\000n\000t\000e\000g\000r\000a\000t\000i\000o\000n\000\040\000i\000n\000t\000o\000\040\000t\000h\000e\000\040\000b\000e\000n\000c\000h\000m\000a\000r\000k\000\040\000w\000o\000r\000k\000f\000l\000o\000w}{chapter.4}% 55
\BOOKMARK [1][-]{section.4.6}{\376\377\000U\000s\000a\000g\000e\000\040\000a\000n\000d\000\040\000o\000u\000t\000p\000u\000t\000s}{chapter.4}% 56
\BOOKMARK [1][-]{section.4.7}{\376\377\000E\000n\000g\000i\000n\000e\000e\000r\000i\000n\000g\000\040\000v\000a\000l\000u\000e\000\040\000a\000n\000d\000\040\000l\000i\000m\000i\000t\000a\000t\000i\000o\000n\000s}{chapter.4}% 57
\BOOKMARK [0][-]{chapter.5}{\376\377\000A\000n\000\040\000A\000u\000t\000o\000n\000o\000m\000o\000u\000s\000\040\000A\000I\000\040\000A\000g\000e\000n\000t\000\040\000f\000o\000r\000\040\000B\000e\000n\000c\000h\000m\000a\000r\000k\000\040\000C\000a\000m\000p\000a\000i\000g\000n\000s}{}% 58
\BOOKMARK [1][-]{section.5.1}{\376\377\000T\000h\000e\000\040\000b\000e\000n\000c\000h\000m\000a\000r\000k\000\040\000e\000n\000g\000i\000n\000e\000e\000r\000i\000n\000g\000\040\000p\000r\000o\000b\000l\000e\000m}{chapter.5}% 59
\BOOKMARK [1][-]{section.5.2}{\376\377\000A\000r\000c\000h\000i\000t\000e\000c\000t\000u\000r\000e}{chapter.5}% 60
\BOOKMARK [2][-]{subsection.5.2.1}{\376\377\000T\000h\000e\000\040\000f\000o\000u\000r\000\040\000s\000p\000e\000c\000i\000a\000l\000i\000s\000t\000\040\000a\000g\000e\000n\000t\000s}{section.5.2}% 61
\BOOKMARK [2][-]{subsection.5.2.2}{\376\377\000T\000h\000e\000\040\000s\000i\000x\000\040\000r\000e\000u\000s\000a\000b\000l\000e\000\040\000s\000k\000i\000l\000l\000s}{section.5.2}% 62
\BOOKMARK [2][-]{subsection.5.2.3}{\376\377\000A\000u\000t\000o\000m\000a\000t\000i\000o\000n\000\040\000t\000o\000o\000l\000s}{section.5.2}% 63
\BOOKMARK [2][-]{subsection.5.2.4}{\376\377\000C\000o\000n\000f\000i\000g\000u\000r\000a\000t\000i\000o\000n\000\040\000r\000e\000g\000i\000s\000t\000r\000y}{section.5.2}% 64
\BOOKMARK [1][-]{section.5.3}{\376\377\000S\000u\000p\000p\000o\000r\000t\000e\000d\000\040\000w\000o\000r\000k\000f\000l\000o\000w\000\040\000d\000i\000r\000e\000c\000t\000i\000o\000n\000s}{chapter.5}% 65
\BOOKMARK [1][-]{section.5.4}{\376\377\000A\000u\000t\000o\000n\000o\000m\000y\000\040\000m\000o\000d\000e\000l\000\040\000a\000n\000d\000\040\000a\000p\000p\000r\000o\000v\000a\000l\000\040\000g\000a\000t\000e\000s}{chapter.5}% 66
\BOOKMARK [1][-]{section.5.5}{\376\377\000B\000o\000a\000r\000d\000\040\000f\000i\000r\000m\000w\000a\000r\000e\000\040\000b\000a\000s\000e\000l\000i\000n\000e\000\040\000i\000m\000m\000u\000t\000a\000b\000i\000l\000i\000t\000y}{chapter.5}% 67
\BOOKMARK [1][-]{section.5.6}{\376\377\000A\000l\000w\000a\000y\000s\000-\000o\000n\000\040\000b\000e\000n\000c\000h\000m\000a\000r\000k\000\040\000r\000u\000l\000e\000s}{chapter.5}% 68
\BOOKMARK [1][-]{section.5.7}{\376\377\000S\000e\000m\000a\000n\000t\000i\000c\000\040\000p\000r\000e\000s\000e\000r\000v\000a\000t\000i\000o\000n\000\040\000i\000n\000\040\000d\000e\000t\000a\000i\000l}{chapter.5}% 69
\BOOKMARK [1][-]{section.5.8}{\376\377\000D\000e\000t\000e\000r\000m\000i\000n\000i\000s\000t\000i\000c\000\040\000c\000a\000m\000p\000a\000i\000g\000n\000\040\000w\000o\000r\000k\000f\000l\000o\000w}{chapter.5}% 70
\BOOKMARK [1][-]{section.5.9}{\376\377\000I\000A\000R\000\040\000t\000e\000m\000p\000l\000a\000t\000e\000\040\000r\000e\000s\000o\000l\000u\000t\000i\000o\000n}{chapter.5}% 71
\BOOKMARK [1][-]{section.5.10}{\376\377\000S\000o\000u\000r\000c\000e\000\040\000a\000c\000q\000u\000i\000s\000i\000t\000i\000o\000n\000\040\000p\000o\000l\000i\000c\000y}{chapter.5}% 72
\BOOKMARK [1][-]{section.5.11}{\376\377\000C\000a\000m\000p\000a\000i\000g\000n\000\040\000a\000r\000t\000i\000f\000a\000c\000t\000\040\000m\000o\000d\000e\000l}{chapter.5}% 73
\BOOKMARK [1][-]{section.5.12}{\376\377\000P\000r\000o\000m\000p\000t\000-\000d\000r\000i\000v\000e\000n\000\040\000u\000s\000a\000g\000e}{chapter.5}% 74
\BOOKMARK [1][-]{section.5.13}{\376\377\000I\000m\000p\000l\000e\000m\000e\000n\000t\000a\000t\000i\000o\000n}{chapter.5}% 75
\BOOKMARK [1][-]{section.5.14}{\376\377\000I\000n\000t\000e\000g\000r\000a\000t\000i\000o\000n\000\040\000w\000i\000t\000h\000\040\000t\000h\000e\000\040\000b\000e\000n\000c\000h\000m\000a\000r\000k\000i\000n\000g\000\040\000w\000o\000r\000k\000f\000l\000o\000w}{chapter.5}% 76
\BOOKMARK [1][-]{section.5.15}{\376\377\000E\000n\000g\000i\000n\000e\000e\000r\000i\000n\000g\000\040\000v\000a\000l\000u\000e\000\040\000a\000n\000d\000\040\000l\000i\000m\000i\000t\000a\000t\000i\000o\000n\000s}{chapter.5}% 77
\BOOKMARK [0][-]{chapter.6}{\376\377\000B\000e\000n\000c\000h\000m\000a\000r\000k\000i\000n\000g\000\040\000S\000T\000\040\000a\000g\000a\000i\000n\000s\000t\000\040\000G\000D\0003\0002}{}% 78
\BOOKMARK [1][-]{section.6.1}{\376\377\000H\000a\000r\000d\000w\000a\000r\000e\000\040\000p\000l\000a\000t\000f\000o\000r\000m\000s}{chapter.6}% 79
\BOOKMARK [1][-]{section.6.2}{\376\377\000U\000S\000B\000\040\000d\000e\000v\000i\000c\000e\000\040\000s\000t\000a\000c\000k}{chapter.6}% 80
\BOOKMARK [2][-]{subsection.6.2.1}{\376\377\000S\000c\000e\000n\000a\000r\000i\000o\000\040\000d\000e\000s\000i\000g\000n}{section.6.2}% 81
\BOOKMARK [2][-]{subsection.6.2.2}{\376\377\000R\000e\000s\000u\000l\000t\000s}{section.6.2}% 82
\BOOKMARK [3][-]{subsubsection.6.2.2.1}{\376\377\000H\000I\000D\000\040\000s\000c\000e\000n\000a\000r\000i\000o}{subsection.6.2.2}% 83
\BOOKMARK [3][-]{subsubsection.6.2.2.2}{\376\377\000C\000D\000C\000\040\000s\000c\000e\000n\000a\000r\000i\000o}{subsection.6.2.2}% 84
\BOOKMARK [2][-]{subsection.6.2.3}{\376\377\000I\000n\000t\000e\000r\000p\000r\000e\000t\000a\000t\000i\000o\000n}{section.6.2}% 85
\BOOKMARK [1][-]{section.6.3}{\376\377\000F\000r\000e\000e\000R\000T\000O\000S\000\040\000i\000n\000t\000e\000g\000r\000a\000t\000i\000o\000n}{chapter.6}% 86
\BOOKMARK [2][-]{subsection.6.3.1}{\376\377\000S\000c\000e\000n\000a\000r\000i\000o\000\040\000d\000e\000s\000i\000g\000n}{section.6.3}% 87
\BOOKMARK [2][-]{subsection.6.3.2}{\376\377\000R\000e\000s\000u\000l\000t\000s}{section.6.3}% 88
\BOOKMARK [3][-]{subsubsection.6.3.2.1}{\376\377\000B\000a\000s\000i\000c\000\040\000p\000r\000o\000c\000e\000s\000s\000i\000n\000g}{subsection.6.3.2}% 89
\BOOKMARK [3][-]{subsubsection.6.3.2.2}{\376\377\000C\000o\000o\000p\000e\000r\000a\000t\000i\000v\000e\000\040\000p\000r\000o\000c\000e\000s\000s\000i\000n\000g}{subsection.6.3.2}% 90
\BOOKMARK [3][-]{subsubsection.6.3.2.3}{\376\377\000P\000r\000e\000e\000m\000p\000t\000i\000v\000e\000\040\000p\000r\000o\000c\000e\000s\000s\000i\000n\000g}{subsection.6.3.2}% 91
\BOOKMARK [3][-]{subsubsection.6.3.2.4}{\376\377\000P\000e\000r\000-\000l\000a\000y\000e\000r\000\040\000R\000O\000M\000\040\000b\000r\000e\000a\000k\000d\000o\000w\000n}{subsection.6.3.2}% 92
\BOOKMARK [2][-]{subsection.6.3.3}{\376\377\000I\000n\000t\000e\000r\000p\000r\000e\000t\000a\000t\000i\000o\000n}{section.6.3}% 93
\BOOKMARK [0][-]{chapter.7}{\376\377\000B\000e\000n\000c\000h\000m\000a\000r\000k\000i\000n\000g\000\040\000S\000T\000\040\000a\000g\000a\000i\000n\000s\000t\000\040\000T\000e\000x\000a\000s\000\040\000I\000n\000s\000t\000r\000u\000m\000e\000n\000t\000s}{}% 94
\BOOKMARK [1][-]{section.7.1}{\376\377\000H\000a\000r\000d\000w\000a\000r\000e\000\040\000p\000l\000a\000t\000f\000o\000r\000m\000s}{chapter.7}% 95
\BOOKMARK [1][-]{section.7.2}{\376\377\000S\000t\000a\000t\000i\000c\000\040\000a\000n\000a\000l\000y\000s\000i\000s\000\040\000o\000f\000\040\000t\000h\000e\000\040\000d\000r\000i\000v\000e\000r\000\040\000l\000a\000y\000e\000r}{chapter.7}% 96
\BOOKMARK [2][-]{subsection.7.2.1}{\376\377\000S\000c\000o\000p\000e\000\040\000a\000n\000d\000\040\000m\000e\000t\000h\000o\000d\000o\000l\000o\000g\000y}{section.7.2}% 97
\BOOKMARK [2][-]{subsection.7.2.2}{\376\377\000L\000i\000n\000e\000s\000\040\000o\000f\000\040\000c\000o\000d\000e}{section.7.2}% 98
\BOOKMARK [2][-]{subsection.7.2.3}{\376\377\000D\000o\000c\000u\000m\000e\000n\000t\000a\000t\000i\000o\000n\000\040\000c\000o\000v\000e\000r\000a\000g\000e}{section.7.2}% 99
\BOOKMARK [2][-]{subsection.7.2.4}{\376\377\000C\000o\000d\000e\000\040\000d\000u\000p\000l\000i\000c\000a\000t\000i\000o\000n}{section.7.2}% 100
\BOOKMARK [2][-]{subsection.7.2.5}{\376\377\000C\000y\000c\000l\000o\000m\000a\000t\000i\000c\000\040\000c\000o\000m\000p\000l\000e\000x\000i\000t\000y}{section.7.2}% 101
\BOOKMARK [2][-]{subsection.7.2.6}{\376\377\000A\000P\000I\000\040\000s\000u\000r\000f\000a\000c\000e}{section.7.2}% 102
\BOOKMARK [2][-]{subsection.7.2.7}{\376\377\000M\000I\000S\000R\000A\000\040\000C\000:\0002\0000\0001\0002\000\040\000s\000t\000a\000t\000i\000c\000-\000a\000n\000a\000l\000y\000s\000i\000s\000\040\000f\000i\000n\000d\000i\000n\000g\000s}{section.7.2}% 103
\BOOKMARK [1][-]{section.7.3}{\376\377\000S\000D\000K\000\040\000c\000o\000v\000e\000r\000a\000g\000e\000\040\000c\000o\000m\000p\000a\000r\000i\000s\000o\000n}{chapter.7}% 104
\BOOKMARK [2][-]{subsection.7.3.1}{\376\377\000P\000e\000r\000i\000p\000h\000e\000r\000a\000l\000\040\000d\000r\000i\000v\000e\000r\000\040\000c\000o\000v\000e\000r\000a\000g\000e}{section.7.3}% 105
\BOOKMARK [2][-]{subsection.7.3.2}{\376\377\000M\000i\000d\000d\000l\000e\000w\000a\000r\000e\000\040\000c\000o\000v\000e\000r\000a\000g\000e}{section.7.3}% 106
\BOOKMARK [2][-]{subsection.7.3.3}{\376\377\000C\000r\000y\000p\000t\000o\000g\000r\000a\000p\000h\000i\000c\000\040\000a\000l\000g\000o\000r\000i\000t\000h\000m\000\040\000c\000o\000v\000e\000r\000a\000g\000e}{section.7.3}% 107
\BOOKMARK [2][-]{subsection.7.3.4}{\376\377\000C\000o\000m\000m\000u\000n\000i\000c\000a\000t\000i\000o\000n\000\040\000p\000r\000o\000t\000o\000c\000o\000l\000\040\000c\000o\000v\000e\000r\000a\000g\000e}{section.7.3}% 108
\BOOKMARK [1][-]{section.7.4}{\376\377\000S\000t\000a\000t\000i\000c\000-\000a\000n\000a\000l\000y\000s\000i\000s\000\040\000s\000u\000m\000m\000a\000r\000y}{chapter.7}% 109
\BOOKMARK [1][-]{section.7.5}{\376\377\000F\000u\000n\000c\000t\000i\000o\000n\000a\000l\000\040\000a\000n\000a\000l\000y\000s\000i\000s\000\040\000o\000f\000\040\000t\000h\000e\000\040\000d\000r\000i\000v\000e\000r\000\040\000l\000a\000y\000e\000r}{chapter.7}% 110
\BOOKMARK [2][-]{subsection.7.5.1}{\376\377\000B\000e\000n\000c\000h\000m\000a\000r\000k\000\040\000d\000e\000s\000i\000g\000n\000\040\000a\000n\000d\000\040\000o\000b\000s\000e\000r\000v\000a\000b\000l\000e\000s}{section.7.5}% 111
\BOOKMARK [2][-]{subsection.7.5.2}{\376\377\000R\000e\000s\000u\000l\000t\000s\000\040\000a\000n\000d\000\040\000i\000n\000t\000e\000r\000p\000r\000e\000t\000a\000t\000i\000o\000n}{section.7.5}% 112
\BOOKMARK [1][-]{section.7.6}{\376\377\000F\000r\000e\000e\000R\000T\000O\000S\000\040\000m\000i\000d\000d\000l\000e\000w\000a\000r\000e\000\040\000b\000e\000n\000c\000h\000m\000a\000r\000k}{chapter.7}% 113
\BOOKMARK [2][-]{subsection.7.6.1}{\376\377\000S\000c\000e\000n\000a\000r\000i\000o\000\040\000d\000e\000s\000i\000g\000n\000\040\000a\000n\000d\000\040\000c\000o\000n\000f\000i\000g\000u\000r\000a\000t\000i\000o\000n}{section.7.6}% 114
\BOOKMARK [2][-]{subsection.7.6.2}{\376\377\000M\000e\000a\000s\000u\000r\000e\000m\000e\000n\000t\000\040\000m\000e\000t\000h\000o\000d\000\040\000a\000n\000d\000\040\000f\000a\000i\000r\000n\000e\000s\000s}{section.7.6}% 115
\BOOKMARK [2][-]{subsection.7.6.3}{\376\377\000R\000e\000s\000u\000l\000t\000s}{section.7.6}% 116
\BOOKMARK [2][-]{subsection.7.6.4}{\376\377\000T\000a\000k\000e\000a\000w\000a\000y}{section.7.6}% 117
\BOOKMARK [0][-]{section*.101}{\376\377\000G\000e\000n\000e\000r\000a\000l\000\040\000C\000o\000n\000c\000l\000u\000s\000i\000o\000n\000\040\000a\000n\000d\000\040\000P\000e\000r\000s\000p\000e\000c\000t\000i\000v\000e\000s}{}% 118
\BOOKMARK [0][-]{chapter.A}{\376\377\000G\000l\000o\000s\000s\000a\000r\000y}{}% 119
\BOOKMARK [0][-]{chapter.B}{\376\377\000A\000c\000r\000o\000n\000y\000m\000s}{}% 120
\BOOKMARK [0][-]{chapter.C}{\376\377\000C\000o\000m\000p\000l\000e\000m\000e\000n\000t\000a\000r\000y\000\040\000C\000o\000d\000e\000\040\000L\000i\000s\000t\000i\000n\000g\000s}{}% 121
\BOOKMARK [1][-]{section.C.1}{\376\377\000I\000A\000R\000\040\000E\000W\000A\000R\000M\000\040\000l\000i\000n\000k\000e\000r\000\040\000m\000a\000p\000\040\000e\000x\000c\000e\000r\000p\000t}{chapter.C}% 122
\BOOKMARK [1][-]{section.C.2}{\376\377\000S\000T\040\023\000T\000I\000\040\000f\000u\000n\000c\000t\000i\000o\000n\000a\000l\000\040\000f\000o\000o\000t\000p\000r\000i\000n\000t\000\040\000r\000e\000p\000r\000o\000d\000u\000c\000i\000b\000i\000l\000i\000t\000y\000\040\000r\000e\000c\000o\000r\000d}{chapter.C}% 123
\BOOKMARK [1][-]{section.C.3}{\376\377\000S\000T\040\023\000T\000I\000\040\000F\000r\000e\000e\000R\000T\000O\000S\000\040\000r\000e\000p\000r\000o\000d\000u\000c\000i\000b\000i\000l\000i\000t\000y\000\040\000r\000e\000c\000o\000r\000d}{chapter.C}% 124
\BOOKMARK [1][-]{section.C.4}{\376\377\000A\000g\000e\000n\000t\000\040\000c\000o\000n\000f\000i\000g\000u\000r\000a\000t\000i\000o\000n\000\040\000f\000i\000l\000e}{chapter.C}% 125
\BOOKMARK [1][-]{section.C.5}{\376\377\000F\000r\000e\000e\000R\000T\000O\000S\000\040\000c\000o\000o\000p\000e\000r\000a\000t\000i\000v\000e\000\040\000b\000e\000n\000c\000h\000m\000a\000r\000k\000\040\000s\000c\000e\000n\000a\000r\000i\000o}{chapter.C}% 126
\BOOKMARK [1][-]{section.C.6}{\376\377\000F\000o\000o\000t\000p\000r\000i\000n\000t\000\040\000t\000o\000o\000l\000\040\000C\000L\000I\000\040\000o\000u\000t\000p\000u\000t}{chapter.C}% 127
\BOOKMARK [1][-]{section.C.7}{\376\377\000S\000t\000a\000t\000i\000c\000-\000a\000n\000a\000l\000y\000s\000i\000s\000\040\000a\000u\000t\000o\000m\000a\000t\000i\000o\000n\000\040\000s\000c\000r\000i\000p\000t\000\040\000\050\000S\000T\000\040\000v\000s\000.\000\040\000T\000I\000\051}{chapter.C}% 128
\BOOKMARK [0][-]{appendix*.105}{\376\377\000B\000i\000b\000l\000i\000o\000g\000r\000a\000p\000h\000y}{}% 129
